###############################################################################
#
# IAR ELF Linker V3.11.1.207 for STM8                     05/Jan/2021  19:21:14
# Copyright 2010-2019 IAR Systems AB.
#
#    Output file  =  
#        D:\program\venus_stm8\venus_protect_stm8\Debug\Exe\stm8s105k4t.out
#    Map file     =  
#        D:\program\venus_stm8\venus_protect_stm8\Debug\List\stm8s105k4t.map
#    Command line =  
#        -f C:\Users\¡ı‘∂≥«\AppData\Local\Temp\EWD37D.tmp
#        (D:\program\venus_stm8\venus_protect_stm8\Debug\Obj\bsp_ADC.o
#        D:\program\venus_stm8\venus_protect_stm8\Debug\Obj\bsp_task.o
#        D:\program\venus_stm8\venus_protect_stm8\Debug\Obj\bsp_time2.o
#        D:\program\venus_stm8\venus_protect_stm8\Debug\Obj\bsp_uart2.o
#        D:\program\venus_stm8\venus_protect_stm8\Debug\Obj\main.o
#        D:\program\venus_stm8\venus_protect_stm8\Debug\Obj\stm8s_adc1.o
#        D:\program\venus_stm8\venus_protect_stm8\Debug\Obj\stm8s_clk.o
#        D:\program\venus_stm8\venus_protect_stm8\Debug\Obj\stm8s_gpio.o
#        D:\program\venus_stm8\venus_protect_stm8\Debug\Obj\stm8s_itc.o
#        D:\program\venus_stm8\venus_protect_stm8\Debug\Obj\stm8s_tim2.o
#        D:\program\venus_stm8\venus_protect_stm8\Debug\Obj\stm8s_uart2.o
#        --redirect _Printf=_PrintfFullNoMb --redirect _Scanf=_ScanfFullNoMb
#        --no_out_extension -o
#        D:\program\venus_stm8\venus_protect_stm8\Debug\Exe\stm8s105k4t.out
#        --map
#        D:\program\venus_stm8\venus_protect_stm8\Debug\List\stm8s105k4t.map
#        --config D:\IAR_STM8\stm8\config\lnkstm8s105k4.icf --config_def
#        _CSTACK_SIZE=0x100 --config_def _HEAP_SIZE=0x100 --entry
#        __iar_program_start --debug_lib)
#
###############################################################################

*******************************************************************************
*** RUNTIME MODEL ATTRIBUTES
***

__SystemLibrary            = DLib
__code_model               = small
__core                     = stm8
__data_model               = medium
__dlib_file_descriptor     = 0
__dlib_full_locale_support = 0
__rt_version               = 4


*******************************************************************************
*** PLACEMENT SUMMARY
***

"A0":  place at start of [0x000000-0x0000ff] { rw section .vregs };
"A1":  place at end of [0x000000-0x0007ff] { block CSTACK };
"P2":  place in [from 0x000000 to 0x0007ff] {
          block HEAP, rw section __DLIB_PERTHREAD, rw section .far.bss,
          rw section .far.data, rw section .far.noinit,
          rw section .far_func.textrw, rw section .huge.bss,
          rw section .huge.data, rw section .huge.noinit,
          rw section .huge_func.textrw, rw section .iar.dynexit,
          rw section .near.bss, rw section .near.data, rw section .near.noinit,
          rw section .near_func.textrw };
"A2":  place at start of [0x008000-0x00bfff] { block INTVEC };
"P3":  place in [from 0x008000 to 0x00bfff] {
          ro section __DLIB_PERTHREAD_init, ro section .far.data_init,
          ro section .far_func.textrw_init, ro section .huge.data_init,
          ro section .huge_func.textrw_init, ro section .iar.init_table,
          ro section .init_array, ro section .near.data_init,
          ro section .near.rodata, ro section .near_func.text,
          ro section .near_func.textrw_init, ro section .tiny.data_init,
          ro section .tiny.rodata_init };
"P4":  place in [from 0x008000 to 0x00bfff] {
          ro section .far.rodata, ro section .far_func.text };
"P5":  place in [from 0x008000 to 0x00bfff] {
          ro section .huge.rodata, ro section .huge_func.text };
do not initialize {
   rw section .eeprom.noinit, rw section .far.noinit, rw section .huge.noinit,
   rw section .near.noinit, rw section .tiny.noinit, rw section .vregs };
initialize by copy {
   rw section .far.bss, rw section .far.data, rw section .far_func.textrw,
   rw section .huge.bss, rw section .huge.data, rw section .huge_func.textrw,
   rw section .iar.dynexit, rw section .near.bss, rw section .near.data,
   rw section .near_func.textrw, rw section .tiny.bss, rw section .tiny.data,
   ro section .tiny.rodata };

No sections matched the following patterns:

  ro section .far.data_init          in "P3-P5"
  ro section .far.rodata             in "P3-P5"
  ro section .far_func.text          in "P3-P5"
  ro section .far_func.textrw_init   in "P3-P5"
  ro section .huge.data_init         in "P3-P5"
  ro section .huge.rodata            in "P3-P5"
  ro section .huge_func.text         in "P3-P5"
  ro section .huge_func.textrw_init  in "P3-P5"
  ro section .iar.init_table         in "P3-P5"
  ro section .init_array             in "P3-P5"
  ro section .near_func.textrw_init  in "P3-P5"
  ro section .tiny.data_init         in "P3-P5"
  ro section .tiny.rodata_init       in "P3-P5"
  ro section __DLIB_PERTHREAD_init   in "P3-P5"
  rw section .far.bss                in "P2"
  rw section .far.data               in "P2"
  rw section .far.noinit             in "P2"
  rw section .far_func.textrw        in "P2"
  rw section .huge.bss               in "P2"
  rw section .huge.data              in "P2"
  rw section .huge.noinit            in "P2"
  rw section .huge_func.textrw       in "P2"
  rw section .iar.dynexit            in "P2"
  rw section .near.noinit            in "P2"
  rw section .near_func.textrw       in "P2"
  rw section .tiny.bss               in "P1"
  rw section .tiny.data              in "P1"
  rw section .tiny.noinit            in "P1"
  rw section .tiny.rodata            in "P1"
  rw section __DLIB_PERTHREAD        in "P2"
  section .eeprom.data               in "P6-P8"
  section .eeprom.noinit             in "P6-P8"
  section .eeprom.rodata             in "P6-P8"


  Section            Kind      Address    Size  Object
  -------            ----      -------    ----  ------
"A0":                                     0x10
  .vregs             uninit   0x000000    0x10  vregs.o [4]
                            - 0x000010    0x10

"P2":                                     0x24
  P2-1                        0x000010    0x24  <Init block>
    .near.data       inited   0x000010     0x1  bsp_task.o [1]
    .near.bss        inited   0x000011     0x3  bsp_ADC.o [1]
    .near.bss        inited   0x000014     0x1  bsp_task.o [1]
    .near.bss        inited   0x000015     0x1  bsp_task.o [1]
    .near.bss        inited   0x000016     0x1  bsp_task.o [1]
    .near.bss        inited   0x000017     0x4  bsp_task.o [1]
    .near.bss        inited   0x00001b     0x4  bsp_task.o [1]
    .near.bss        inited   0x00001f     0x4  bsp_task.o [1]
    .near.bss        inited   0x000023     0x4  bsp_task.o [1]
    .near.bss        inited   0x000027     0x2  bsp_task.o [1]
    .near.bss        inited   0x000029     0x1  bsp_task.o [1]
    .near.bss        inited   0x00002a     0xa  bsp_time2.o [1]
                            - 0x000034    0x24

"A1":                                    0x100
  CSTACK                      0x000700   0x100  <Block>
    CSTACK           uninit   0x000700   0x100  <Block tail>
                            - 0x000800   0x100

"A2":                                     0x80
  INTVEC                      0x008000    0x80  <Block>
    .intvec          const    0x008000    0x80  interrupt.o [4]
                            - 0x008080    0x80

"P3-P5":                                0x2b47
  .near_func.text    ro code  0x008080   0x460  float.o [4]
  .near_func.text    ro code  0x0084e0   0x45d  xprintffull_nomb.o [4]
  .near_func.text    ro code  0x00893d   0x412  xprintffull_nomb.o [4]
  .near_func.text    ro code  0x008d4f   0x383  xprintffull_nomb.o [4]
  .near_func.text    ro code  0x0090d2   0x21f  long.o [4]
  .near_func.text    ro code  0x0092f1   0x21d  stm8s_uart2.o [1]
  .near_func.text    ro code  0x00950e   0x19a  stm8s_adc1.o [1]
  .near_func.text    ro code  0x0096a8   0x176  xprintffull_nomb.o [4]
  .near_func.text    ro code  0x00981e   0x161  float_libsup.o [4]
  .near_func.text    ro code  0x00997f   0x133  vreg_util.o [4]
  .near_func.text    ro code  0x009ab2   0x110  stm8s_gpio.o [1]
  .near_func.text    ro code  0x009bc2    0xfc  stm8s_adc1.o [1]
  .near_func.text    ro code  0x009cbe    0xcc  stm8s_uart2.o [1]
  .near_func.text    ro code  0x009d8a    0xbe  stm8s_adc1.o [1]
  .near_func.text    ro code  0x009e48    0xad  stm8s_adc1.o [1]
  .near_func.text    ro code  0x009ef5    0x99  stm8s_tim2.o [1]
  .near_func.text    ro code  0x009f8e    0x72  long_util.o [4]
  .near_func.text    ro code  0x00a000    0x59  stm8s_adc1.o [1]
  .near_func.text    ro code  0x00a059    0x57  stm8s_clk.o [1]
  .near_func.text    ro code  0x00a0b0    0x55  stm8s_adc1.o [1]
  .near_func.text    ro code  0x00a105    0x55  stm8s_adc1.o [1]
  .near_func.text    ro code  0x00a15a    0x54  stm8s_tim2.o [1]
  .near.rodata       const    0x00a1ae    0x53  bsp_uart2.o [1]
  .near_func.text    ro code  0x00a201    0x4b  short.o [4]
  .near_func.text    ro code  0x00a24c    0x43  xprintffull_nomb.o [4]
  .near_func.text    ro code  0x00a28f    0x42  bsp_time2.o [1]
  .near_func.text    ro code  0x00a2d1    0x41  xprintffull_nomb.o [4]
  .near.rodata       const    0x00a312    0x3f  stm8s_uart2.o [1]
  .near.rodata       const    0x00a351    0x3e  stm8s_adc1.o [1]
  .near.rodata       const    0x00a38f    0x3e  stm8s_gpio.o [1]
  .near.rodata       const    0x00a3cd    0x3e  stm8s_tim2.o [1]
  .near.rodata       const    0x00a40b    0x3d  stm8s_clk.o [1]
  .near_func.text    ro code  0x00a448    0x3d  stm8s_clk.o [1]
  .near_func.text    const    0x00a485    0x3c  xprintffull_nomb.o [4]
  .near_func.text    ro code  0x00a4c1    0x39  bsp_task.o [1]
  .near_func.text    ro code  0x00a4fa    0x38  bsp_task.o [1]
  .near_func.text    ro code  0x00a532    0x37  xprintffull_nomb.o [4]
  .near_func.text    ro code  0x00a569    0x36  bsp_task.o [1]
  .near_func.text    ro code  0x00a59f    0x33  xprintffull_nomb.o [4]
  .near_func.text    ro code  0x00a5d2    0x31  stm8s_adc1.o [1]
  .near_func.text    ro code  0x00a603    0x30  bsp_task.o [1]
  .near_func.text    ro code  0x00a633    0x30  div.o [4]
  .near_func.text    ro code  0x00a663    0x2f  stm8s_tim2.o [1]
  .near_func.text    ro code  0x00a692    0x2f  stm8s_tim2.o [1]
  .near_func.text    ro code  0x00a6c1    0x2f  xprintffull_nomb.o [4]
  .near.rodata       const    0x00a6f0    0x2e  bsp_uart2.o [1]
  .near_func.text    ro code  0x00a71e    0x2c  dc_util.o [4]
  .near_func.text    ro code  0x00a74a    0x2b  bsp_time2.o [1]
  .near_func.text    ro code  0x00a775    0x29  bsp_ADC.o [1]
  .near_func.text    ro code  0x00a79e    0x29  stm8s_uart2.o [1]
  .near_func.text    ro code  0x00a7c7    0x28  bsp_uart2.o [1]
  .near_func.text    ro code  0x00a7ef    0x28  stm8s_tim2.o [1]
  .near_func.text    ro code  0x00a817    0x28  init_small.o [4]
  Initializer bytes  const    0x00a83f    0x24  <for P2-1>
  .near_func.text    ro code  0x00a863    0x23  bsp_task.o [1]
  .near_func.text    ro code  0x00a886    0x22  bsp_time2.o [1]
  .near_func.text    ro code  0x00a8a8    0x22  bsp_time2.o [1]
  .near_func.text    ro code  0x00a8ca    0x21  bsp_task.o [1]
  .near_func.text    ro code  0x00a8eb    0x21  memchr.o [4]
  .iar.init_table    const    0x00a90c     0xa  - Linker created -
  .near_func.text    ro code  0x00a916    0x1f  memcpy.o [4]
  .near_func.text    ro code  0x00a935    0x1d  bsp_ADC.o [1]
  .near_func.text    ro code  0x00a952    0x1d  bsp_task.o [1]
  .near_func.text    ro code  0x00a96f    0x1d  printf.o [4]
  .near_func.text    ro code  0x00a98c    0x1b  xprout.o [4]
  .near_func.text    ro code  0x00a9a7    0x19  bsp_uart2.o [1]
  .near_func.text    ro code  0x00a9c0    0x18  main.o [1]
  .near_func.text    ro code  0x00a9d8    0x16  bsp_task.o [1]
  .near_func.text    ro code  0x00a9ee    0x15  strchr.o [4]
  .near_func.text    ro code  0x00aa03    0x14  init.o [4]
  .near_func.text    ro code  0x00aa17    0x14  xprintffull_nomb.o [4]
  .near_func.text    ro code  0x00aa2b    0x14  __dbg_xxexit.o [3]
  .near_func.text    ro code  0x00aa3f    0x13  cstartup.o [4]
  .near_func.text    ro code  0x00aa52    0x12  main.o [1]
  .near.rodata       const    0x00aa64     0xf  bsp_uart2.o [1]
  .near_func.text    ro code  0x00aa73     0xe  bsp_uart2.o [1]
  .near_func.text    ro code  0x00aa81     0xd  bsp_task.o [1]
  .near_func.text    ro code  0x00aa8e     0xd  strlen.o [4]
  .near_func.text    ro code  0x00aa9b     0xd  move.o [4]
  .near_func.text    ro code  0x00aaa8     0xc  stm8s_tim2.o [1]
  .near_func.text    ro code  0x00aab4     0xc  xprintffull_nomb.o [4]
  .near_func.text    ro code  0x00aac0     0xc  switch.o [4]
  .near_func.text    ro code  0x00aacc     0xb  xprintffull_nomb.o [4]
  .near_func.text    ro code  0x00aad7     0xb  xprintffull_nomb.o [4]
  .near_func.text    ro code  0x00aae2     0xb  xprintffull_nomb.o [4]
  .near_func.text    ro code  0x00aaed     0xa  xprintffull_nomb.o [4]
  .near_func.text    ro code  0x00aaf7     0x9  xprintffull_nomb.o [4]
  .near_func.text    ro code  0x00ab00     0x9  xprintffull_nomb.o [4]
  .near_func.text    ro code  0x00ab09     0x9  xprintffull_nomb.o [4]
  .near_func.text    ro code  0x00ab12     0x8  main.o [1]
  .near_func.text    ro code  0x00ab1a     0x8  xprintffull_nomb.o [4]
  .near_func.text    ro code  0x00ab22     0x8  xprintffull_nomb.o [4]
  .near_func.text    ro code  0x00ab2a     0x8  xprintffull_nomb.o [4]
  .near_func.text    ro code  0x00ab32     0x8  xprintffull_nomb.o [4]
  .near.rodata       const    0x00ab3a     0x7  xprintffull_nomb.o [4]
  .near_func.text    ro code  0x00ab41     0x7  stm8s_gpio.o [1]
  .near_func.text    ro code  0x00ab48     0x7  stm8s_gpio.o [1]
  .near_func.text    ro code  0x00ab4f     0x7  xprintffull_nomb.o [4]
  .near_func.text    ro code  0x00ab56     0x7  xprintffull_nomb.o [4]
  .near_func.text    ro code  0x00ab5d     0x6  bsp_time2.o [1]
  .near_func.text    ro code  0x00ab63     0x6  xprintffull_nomb.o [4]
  .near_func.text    ro code  0x00ab69     0x6  xprintffull_nomb.o [4]
  .near_func.text    ro code  0x00ab6f     0x6  xprintffull_nomb.o [4]
  .near_func.text    ro code  0x00ab75     0x6  xprintffull_nomb.o [4]
  .near_func.text    ro code  0x00ab7b     0x6  xprintffull_nomb.o [4]
  .near.rodata       const    0x00ab81     0x5  bsp_task.o [1]
  .near_func.text    ro code  0x00ab86     0x5  stm8s_adc1.o [1]
  .near_func.text    ro code  0x00ab8b     0x5  xprintffull_nomb.o [4]
  .near_func.text    ro code  0x00ab90     0x5  cexit.o [4]
  .near.rodata       const    0x00ab95     0x4  stm8s_clk.o [1]
  .near.rodata       const    0x00ab99     0x4  xprintffull_nomb.o [4]
  .near.rodata       const    0x00ab9d     0x4  xprintffull_nomb.o [4]
  .near.rodata       const    0x00aba1     0x4  xprintffull_nomb.o [4]
  .near.rodata       const    0x00aba5     0x4  xprintffull_nomb.o [4]
  .near_func.text    ro code  0x00aba9     0x4  bsp_time2.o [1]
  .near_func.text    ro code  0x00abad     0x4  stm8s_gpio.o [1]
  .near_func.text    ro code  0x00abb1     0x4  stm8s_uart2.o [1]
  .near_func.text    ro code  0x00abb5     0x3  bsp_ADC.o [1]
  .near_func.text    ro code  0x00abb8     0x3  interrupt.o [4]
  .near_func.text    ro code  0x00abbb     0x3  low_level_init.o [4]
  .near_func.text    ro code  0x00abbe     0x3  exit.o [4]
  .near_func.text    ro code  0x00abc1     0x3  unhandled_exception.o [4]
  .near.rodata       const    0x00abc4     0x2  xprintffull_nomb.o [4]
  .near_func.text    ro code  0x00abc6     0x1  __dbg_break.o [3]
                            - 0x00abc7  0x2b47


*******************************************************************************
*** INIT TABLE
***

          Address   Size
          -------   ----
Copy (__iar_copy_init2)
    1 source range, total size 0x24:
          0x00a83f  0x24
    1 destination range, total size 0x24:
          0x000010  0x24



*******************************************************************************
*** MODULE SUMMARY
***

    Module                 ro code  ro data  rw data
    ------                 -------  -------  -------
D:\program\venus_stm8\venus_protect_stm8\Debug\Obj: [1]
    bsp_ADC.o                   73        3        3
    bsp_task.o                 347       28       23
    bsp_time2.o                187       10       10
    bsp_uart2.o                 79      144
    main.o                      50
    stm8s_adc1.o             1 338       62
    stm8s_clk.o                148       65
    stm8s_gpio.o               290       62
    stm8s_tim2.o               383       62
    stm8s_uart2.o              790       63
    ------------------------------------------------
    Total:                   3 685      499       36

command line: [2]
    ------------------------------------------------
    Total:

dbgstm8smd.a: [3]
    __dbg_break.o                1
    __dbg_xxexit.o              20
    ------------------------------------------------
    Total:                      21

dlstm8smn.a: [4]
    cexit.o                      5
    cstartup.o                  19
    dc_util.o                   44
    div.o                       48
    exit.o                       3
    float.o                  1 120
    float_libsup.o             353
    init.o                      20
    init_small.o                40
    interrupt.o                  3      128
    long.o                     543
    long_util.o                114
    low_level_init.o             3
    memchr.o                    33
    memcpy.o                    31
    move.o                      13
    printf.o                    29
    short.o                     75
    strchr.o                    21
    strlen.o                    13
    switch.o                    12
    unhandled_exception.o        3
    vreg_util.o                307
    vregs.o                                       16
    xprintffull_nomb.o       3 900       85
    xprout.o                    27
    ------------------------------------------------
    Total:                   6 779      213       16

    Linker created                       10      256
----------------------------------------------------
    Grand Total:            10 485      722      308


*******************************************************************************
*** ENTRY LIST
***

Entry                    Address   Size  Type      Object
-----                    -------   ----  ----      ------
.iar.init_table$$Base   0x00a90c          --   Gb  - Linker created -
.iar.init_table$$Limit  0x00a916          --   Gb  - Linker created -
?and32_l0_l0_0x         0x00929b         Code  Gb  long.o [4]
?and32_l0_l0_l1         0x009298         Code  Gb  long.o [4]
?b0                     0x000000         Data  Gb  vregs.o [4]
?b1                     0x000001         Data  Gb  vregs.o [4]
?b10                    0x00000a         Data  Gb  vregs.o [4]
?b11                    0x00000b         Data  Gb  vregs.o [4]
?b12                    0x00000c         Data  Gb  vregs.o [4]
?b13                    0x00000d         Data  Gb  vregs.o [4]
?b14                    0x00000e         Data  Gb  vregs.o [4]
?b15                    0x00000f         Data  Gb  vregs.o [4]
?b2                     0x000002         Data  Gb  vregs.o [4]
?b3                     0x000003         Data  Gb  vregs.o [4]
?b4                     0x000004         Data  Gb  vregs.o [4]
?b5                     0x000005         Data  Gb  vregs.o [4]
?b6                     0x000006         Data  Gb  vregs.o [4]
?b7                     0x000007         Data  Gb  vregs.o [4]
?b8                     0x000008         Data  Gb  vregs.o [4]
?b9                     0x000009         Data  Gb  vregs.o [4]
?dc32_l0                0x00a725         Code  Gb  dc_util.o [4]
?dc32_l1                0x00a732         Code  Gb  dc_util.o [4]
?dc32_px                0x00a73f         Code  Gb  dc_util.o [4]
?dc8_px                 0x00a71e         Code  Gb  dc_util.o [4]
?dec32_0x_0x            0x0090fa         Code  Gb  long.o [4]
?dec32_l0_l0            0x0090f5         Code  Gb  long.o [4]
?e0                     0x000001         Data  Gb  vregs.o [4]
?e1                     0x000005         Data  Gb  vregs.o [4]
?e2                     0x000009         Data  Gb  vregs.o [4]
?e3                     0x00000d         Data  Gb  vregs.o [4]
?epilogue_l2            0x009a18         Code  Gb  vreg_util.o [4]
?epilogue_l2_l3         0x009a15         Code  Gb  vreg_util.o [4]
?epilogue_w4            0x009a1c         Code  Gb  vreg_util.o [4]
?fadd32_l0_l0_l1        0x0080a3         Code  Gb  float.o [4]
?fcastf32s32_l0_l0      0x00839b         Code  Gb  float.o [4]
?fcastf32u32_l0_l0      0x0083a6         Code  Gb  float.o [4]
?fcasts32f32_l0_l0      0x00833a         Code  Gb  float.o [4]
?fcastu32f32_l0_l0      0x008323         Code  Gb  float.o [4]
?fcmpge32_c_l0_0x       0x0082c4         Code  Gb  float.o [4]
?fcmpge32_c_l0_dc32     0x0082bf         Code  Gb  float.o [4]
?fcmplt32_c_l0_0x       0x0082cd         Code  Gb  float.o [4]
?fcmplt32_c_l0_dc32     0x0082c8         Code  Gb  float.o [4]
?fdiv32_l0_l0_l1        0x008211         Code  Gb  float.o [4]
?fmul32_l0_l0_dc32      0x008171         Code  Gb  float.o [4]
?fmul32_l0_l0_l1        0x008176         Code  Gb  float.o [4]
?fsub32_l0_l0_l1        0x00809d         Code  Gb  float.o [4]
?inc32_0x_0x            0x0090e7         Code  Gb  long.o [4]
?inc32_l0_l0            0x0090e2         Code  Gb  long.o [4]
?l0                     0x000000         Data  Gb  vregs.o [4]
?l1                     0x000004         Data  Gb  vregs.o [4]
?l2                     0x000008         Data  Gb  vregs.o [4]
?l3                     0x00000c         Data  Gb  vregs.o [4]
?load32_0x_l0           0x009fd3         Code  Gb  long_util.o [4]
?load32_0x_l2           0x009ff2         Code  Gb  long_util.o [4]
?load32_asp_l0          0x009fc7         Code  Gb  long_util.o [4]
?load32_asp_l2          0x009fe6         Code  Gb  long_util.o [4]
?load32_dbsp_l0         0x009fc2         Code  Gb  long_util.o [4]
?load32_dbsp_l2         0x009fe1         Code  Gb  long_util.o [4]
?load32_l0_0x           0x009f9e         Code  Gb  long_util.o [4]
?load32_l0_asp          0x009f93         Code  Gb  long_util.o [4]
?load32_l0_dbsp         0x009f8e         Code  Gb  long_util.o [4]
?load32_l0_xsp          0x009f95         Code  Gb  long_util.o [4]
?load32_l1_0x           0x009faa         Code  Gb  long_util.o [4]
?load32_l2_0x           0x009fb6         Code  Gb  long_util.o [4]
?load32_xsp_l0          0x009fc9         Code  Gb  long_util.o [4]
?load32_xsp_l2          0x009fe8         Code  Gb  long_util.o [4]
?mov_e0_e1              0x009a4d         Code  Gb  vreg_util.o [4]
?mov_e0_e2              0x009a5a         Code  Gb  vreg_util.o [4]
?mov_e0_e3              0x009a67         Code  Gb  vreg_util.o [4]
?mov_e1_e0              0x009a74         Code  Gb  vreg_util.o [4]
?mov_e1_e2              0x009a81         Code  Gb  vreg_util.o [4]
?mov_e1_e3              0x009a8e         Code  Gb  vreg_util.o [4]
?mov_e2_e0              0x009a9b         Code  Gb  vreg_util.o [4]
?mov_e3_e0              0x009aa8         Code  Gb  vreg_util.o [4]
?mov_l0_l1              0x009a4a         Code  Gb  vreg_util.o [4]
?mov_l0_l2              0x009a57         Code  Gb  vreg_util.o [4]
?mov_l0_l3              0x009a64         Code  Gb  vreg_util.o [4]
?mov_l1_l0              0x009a71         Code  Gb  vreg_util.o [4]
?mov_l1_l2              0x009a7e         Code  Gb  vreg_util.o [4]
?mov_l1_l3              0x009a8b         Code  Gb  vreg_util.o [4]
?mov_l2_l0              0x009a98         Code  Gb  vreg_util.o [4]
?mov_l3_l0              0x009aa5         Code  Gb  vreg_util.o [4]
?mov_w0_w5              0x009a20         Code  Gb  vreg_util.o [4]
?mov_w1_w3              0x009a50         Code  Gb  vreg_util.o [4]
?mov_w1_w5              0x009a5d         Code  Gb  vreg_util.o [4]
?mov_w1_w7              0x009a6a         Code  Gb  vreg_util.o [4]
?mov_w2_w0              0x009a27         Code  Gb  vreg_util.o [4]
?mov_w2_w1              0x009a2e         Code  Gb  vreg_util.o [4]
?mov_w3_w1              0x009a77         Code  Gb  vreg_util.o [4]
?mov_w3_w5              0x009a84         Code  Gb  vreg_util.o [4]
?mov_w3_w7              0x009a91         Code  Gb  vreg_util.o [4]
?mov_w4_w0              0x009a35         Code  Gb  vreg_util.o [4]
?mov_w4_w1              0x009a3c         Code  Gb  vreg_util.o [4]
?mov_w5_w0              0x009a43         Code  Gb  vreg_util.o [4]
?mov_w5_w1              0x009a9e         Code  Gb  vreg_util.o [4]
?mov_w7_w1              0x009aab         Code  Gb  vreg_util.o [4]
?move1616_v_x_y_a       0x00aa9b         Code  Gb  move.o [4]
?mul16_x_x_w0           0x00a201         Code  Gb  short.o [4]
?mul32_l0_l0_0x         0x00912c         Code  Gb  long.o [4]
?mul32_l0_l0_dl         0x009129         Code  Gb  long.o [4]
?mul32_l0_l0_l1         0x009135         Code  Gb  long.o [4]
?neg32_l0_l0            0x0090d2         Code  Gb  long.o [4]
?pop_l0                 0x0099e1         Code  Gb  vreg_util.o [4]
?pop_l1                 0x0099ec         Code  Gb  vreg_util.o [4]
?pop_l2                 0x0099f7         Code  Gb  vreg_util.o [4]
?pop_l3                 0x009a02         Code  Gb  vreg_util.o [4]
?pop_w4                 0x0099a1         Code  Gb  vreg_util.o [4]
?push_l0                0x0099b0         Code  Gb  vreg_util.o [4]
?push_l1                0x0099b5         Code  Gb  vreg_util.o [4]
?push_l2                0x0099ba         Code  Gb  vreg_util.o [4]
?push_l3                0x0099bf         Code  Gb  vreg_util.o [4]
?push_w0                0x00997f         Code  Gb  vreg_util.o [4]
?push_w1                0x009984         Code  Gb  vreg_util.o [4]
?push_w4                0x009989         Code  Gb  vreg_util.o [4]
?scmp32_c_l0_l1         0x009281         Code  Gb  long.o [4]
?sdiv16_x_x_y           0x00a21f         Code  Gb  short.o [4]
?sdiv32_l0_l0_dl        0x00922d         Code  Gb  long.o [4]
?sdiv32_l0_l0_l1        0x009230         Code  Gb  long.o [4]
?sext32_l0_a            0x0092e4         Code  Gb  long.o [4]
?sext32_l0_x            0x0092d9         Code  Gb  long.o [4]
?sll16_x_x_4            0x00a242         Code  Gb  short.o [4]
?sll16_x_x_5            0x00a241         Code  Gb  short.o [4]
?sll16_x_x_6            0x00a240         Code  Gb  short.o [4]
?sll16_x_x_a            0x00a238         Code  Gb  short.o [4]
?sll32_0x_0x_a          0x0092b6         Code  Gb  long.o [4]
?sll32_l0_l0_a          0x0092b3         Code  Gb  long.o [4]
?smod32_l1_l0_l1        0x009230         Code  Gb  long.o [4]
?sra32_0x_0x_a          0x0092cb         Code  Gb  long.o [4]
?sra32_l0_l0_a          0x0092c8         Code  Gb  long.o [4]
?sra32_l0_l0_db         0x0092c4         Code  Gb  long.o [4]
?srl16_x_x_4            0x00a247         Code  Gb  short.o [4]
?sub32_l0_l0_0x         0x009111         Code  Gb  long.o [4]
?sub32_l0_l0_l1         0x00910e         Code  Gb  long.o [4]
?switch8vlt_0x_a_0x     0x00aac0         Code  Gb  switch.o [4]
?ucmp32_c_l0_l1         0x009276         Code  Gb  long.o [4]
?udiv32_l0_dl_l1        0x0091b8         Code  Gb  long.o [4]
?udiv32_l0_l0_dl        0x0091bd         Code  Gb  long.o [4]
?udiv32_l0_l0_l1        0x0091c0         Code  Gb  long.o [4]
?umod32_l1_l0_dl        0x0091b3         Code  Gb  long.o [4]
?umod32_l1_l0_l1        0x0091c0         Code  Gb  long.o [4]
?w0                     0x000000         Data  Gb  vregs.o [4]
?w1                     0x000002         Data  Gb  vregs.o [4]
?w2                     0x000004         Data  Gb  vregs.o [4]
?w3                     0x000006         Data  Gb  vregs.o [4]
?w4                     0x000008         Data  Gb  vregs.o [4]
?w5                     0x00000a         Data  Gb  vregs.o [4]
?w6                     0x00000c         Data  Gb  vregs.o [4]
?w7                     0x00000e         Data  Gb  vregs.o [4]
ADC1_ClearITPendingBit  0x009e48   0xad  Code  Gb  stm8s_adc1.o [1]
ADC1_ConversionConfig   0x009d8a   0xbe  Code  Gb  stm8s_adc1.o [1]
ADC1_DeInit             0x00a5d2   0x31  Code  Gb  stm8s_adc1.o [1]
ADC1_ExternalTriggerConfig
                        0x00a000   0x59  Code  Gb  stm8s_adc1.o [1]
ADC1_GetConversionValue
                        0x00a105   0x55  Code  Gb  stm8s_adc1.o [1]
ADC1_IRQHandler         0x00a935   0x1d  Code  Gb  bsp_ADC.o [1]
ADC1_Init               0x00950e  0x19a  Code  Gb  stm8s_adc1.o [1]
ADC1_PrescalerConfig    0x00a0b0   0x55  Code  Gb  stm8s_adc1.o [1]
ADC1_SchmittTriggerConfig
                        0x009bc2   0xfc  Code  Gb  stm8s_adc1.o [1]
ADC1_StartConversion    0x00ab86    0x5  Code  Gb  stm8s_adc1.o [1]
ADC1_sample_value       0x000011    0x3  Data  Gb  bsp_ADC.o [1]
CLK_GetClockFreq        0x00a059   0x57  Code  Gb  stm8s_clk.o [1]
CLK_HSIPrescalerConfig  0x00a448   0x3d  Code  Gb  stm8s_clk.o [1]
CSTACK$$Base            0x000700          --   Gb  - Linker created -
CSTACK$$Limit           0x000800          --   Gb  - Linker created -
GPIO_Init               0x009ab2  0x110  Code  Gb  stm8s_gpio.o [1]
GPIO_ReadInputPin       0x00ab48    0x7  Code  Gb  stm8s_gpio.o [1]
GPIO_WriteHigh          0x00ab41    0x7  Code  Gb  stm8s_gpio.o [1]
GPIO_WriteLow           0x00abad    0x4  Code  Gb  stm8s_gpio.o [1]
HSIDivFactor            0x00ab95    0x4  Data  Gb  stm8s_clk.o [1]
INTVEC$$Base            0x008000          --   Gb  - Linker created -
INTVEC$$Limit           0x008080          --   Gb  - Linker created -
IR_drv_adc_sample_ctrl  0x00aa81    0xd  Code  Gb  bsp_task.o [1]
LoadInt                 0x00a2d1   0x41  Code  Lc  xprintffull_nomb.o [4]
Region$$Table$$Base     0x00a90c          --   Gb  - Linker created -
Region$$Table$$Limit    0x00a916          --   Gb  - Linker created -
TIM2_ARRPreloadConfig   0x00a692   0x2f  Code  Gb  stm8s_tim2.o [1]
TIM2_ClearITPendingBit  0x00a7ef   0x28  Code  Gb  stm8s_tim2.o [1]
TIM2_Cmd                0x00a663   0x2f  Code  Gb  stm8s_tim2.o [1]
TIM2_ITConfig           0x00a15a   0x54  Code  Gb  stm8s_tim2.o [1]
TIM2_PrescalerConfig    0x009ef5   0x99  Code  Gb  stm8s_tim2.o [1]
TIM2_TimeBaseInit       0x00aaa8    0xc  Code  Gb  stm8s_tim2.o [1]
TIM2_UPD_OVF_BRK_IRQHandler
                        0x00a74a   0x2b  Code  Gb  bsp_time2.o [1]
TIM2_sample             0x00002a    0xa  Data  Gb  bsp_time2.o [1]
UART2_DeInit            0x00a79e   0x29  Code  Gb  stm8s_uart2.o [1]
UART2_GetFlagStatus     0x009cbe   0xcc  Code  Gb  stm8s_uart2.o [1]
UART2_Init              0x0092f1  0x21d  Code  Gb  stm8s_uart2.o [1]
UART2_SendData8         0x00abb1    0x4  Code  Gb  stm8s_uart2.o [1]
_GenldFullNoMb          0x008d4f  0x383  Code  Lc  xprintffull_nomb.o [4]
_LdtobFullNoMb          0x00893d  0x412  Code  Lc  xprintffull_nomb.o [4]
_LitobFullNoMb          0x0096a8  0x176  Code  Lc  xprintffull_nomb.o [4]
_PrintfFullNoMb         0x0084e0  0x45d  Code  Gb  xprintffull_nomb.o [4]
_Prout                  0x00a98c   0x1b  Code  Gb  xprout.o [4]
_PutcharFullNoMb        0x00a6c1   0x2f  Code  Lc  xprintffull_nomb.o [4]
_PutcharsFullNoMb       0x00a59f   0x33  Code  Lc  xprintffull_nomb.o [4]
__DebugBreak            0x00abc6    0x1  Code  Gb  __dbg_break.o [3]
__exit                  0x00aa2b   0x14  Code  Gb  __dbg_xxexit.o [3]
__iar_Dnorm             0x00981e         Code  Gb  float_libsup.o [4]
__iar_Dscale            0x0098ac         Code  Gb  float_libsup.o [4]
__iar_Dunscale          0x00985a         Code  Gb  float_libsup.o [4]
__iar_Memchr            0x00a8eb   0x21  Code  Gb  memchr.o [4]
__iar_Strchr            0x00a9ee   0x15  Code  Gb  strchr.o [4]
__iar_copy_init2        0x00a817         Code  Gb  init_small.o [4]
__iar_data_init2        0x00aa03   0x14  Code  Gb  init.o [4]
__iar_program_start     0x00aa3f         Code  Gb  cstartup.o [4]
__iar_unhandled_exception
                        0x00abc1         Code  Gb  unhandled_exception.o [4]
__intvec                0x008000         Data  Gb  interrupt.o [4]
__low_level_init        0x00abbb    0x3  Code  Gb  low_level_init.o [4]
_exit                   0x00ab90         Code  Gb  cexit.o [4]
_interrupt_15           0x00a74a         Code  Gb  bsp_time2.o [1]
_interrupt_24           0x00a935         Code  Gb  bsp_ADC.o [1]
adc_current_base_value  0x000027    0x2  Data  Gb  bsp_task.o [1]
adc_current_base_value_calc
                        0x00a952   0x1d  Code  Gb  bsp_task.o [1]
adc_sample_start        0x000029    0x1  Data  Gb  bsp_task.o [1]
assert_failed           0x00aa73    0xe  Code  Gb  bsp_uart2.o [1]
check_open_close_status
                        0x00a9d8   0x16  Code  Gb  bsp_task.o [1]
current_time            0x000017    0x4  Data  Gb  bsp_task.o [1]
device_init             0x00aa52   0x12  Code  Gb  main.o [1]
div                     0x00a633   0x30  Code  Gb  div.o [4]
exit                    0x00abbe    0x3  Code  Gb  exit.o [4]
get_adc_value           0x00abb5    0x3  Code  Gb  bsp_ADC.o [1]
get_current_time        0x00ab5d    0x6  Code  Gb  bsp_time2.o [1]
get_time2_sample_adc_value
                        0x00aba9    0x4  Code  Gb  bsp_time2.o [1]
get_timer_interval      0x00a863   0x23  Code  Gb  bsp_task.o [1]
handle_adc1_sample_poll
                        0x00a8a8   0x22  Code  Gb  bsp_time2.o [1]
handle_light_bar_status
                        0x00a4fa    0x1  Code  Gb  bsp_task.o [1]
light_bar_debound_cnt   0x000016    0x1  Data  Gb  bsp_task.o [1]
light_bar_debound_sample
                        0x00a4fb   0x37  Code  Gb  bsp_task.o [1]
light_bar_old_status    0x000015    0x1  Data  Gb  bsp_task.o [1]
light_bar_sample_value_timer2_cb
                        0x00a28f   0x42  Code  Gb  bsp_time2.o [1]
light_bar_status        0x000014    0x1  Data  Gb  bsp_task.o [1]
lightbar_get_status     0x00a569   0x36  Code  Gb  bsp_task.o [1]
main                    0x00ab12    0x8  Code  Gb  main.o [1]
memcpy                  0x00a916   0x1f  Code  Gb  memcpy.o [4]
open_close_status       0x000010    0x1  Data  Gb  bsp_task.o [1]
pad                     0x00a532   0x37  Code  Lc  xprintffull_nomb.o [4]
printf                  0x00a96f   0x1d  Code  Gb  printf.o [4]
putchar                 0x00a9a7   0x19  Code  Gb  bsp_uart2.o [1]
scale                   0x00a24c   0x43  Code  Lc  xprintffull_nomb.o [4]
strlen                  0x00aa8e    0xd  Code  Gb  strlen.o [4]
task_mark_time_100ms    0x00001f    0x4  Data  Gb  bsp_task.o [1]
task_mark_time_10ms     0x00001b    0x4  Data  Gb  bsp_task.o [1]
task_mark_time_1s       0x000023    0x4  Data  Gb  bsp_task.o [1]
time_task_poll          0x00a4e5   0x15  Code  Gb  bsp_task.o [1]
timer_100ms_task        0x00a8ca   0x21  Code  Gb  bsp_task.o [1]
timer_10ms_task         0x00a603   0x30  Code  Gb  bsp_task.o [1]
timer_1s_task           0x00a4c1   0x24  Code  Gb  bsp_task.o [1]
uart2_init              0x00a7c7   0x28  Code  Gb  bsp_uart2.o [1]
user_ADC_init           0x00a775   0x29  Code  Gb  bsp_ADC.o [1]
user_GPIO_init          0x00a9c0   0x18  Code  Gb  main.o [1]
user_time2_init         0x00a886   0x22  Code  Gb  bsp_time2.o [1]


[1] = D:\program\venus_stm8\venus_protect_stm8\Debug\Obj
[2] = command line
[3] = dbgstm8smd.a
[4] = dlstm8smn.a

  10 485 bytes of readonly  code memory
     722 bytes of readonly  data memory
     308 bytes of readwrite data memory

Errors: none
Warnings: none
