###############################################################################
#
# IAR ELF Linker V3.11.1.207 for STM8                     19/Dec/2020  07:09:30
# Copyright 2010-2019 IAR Systems AB.
#
#    Output file  =  
#        D:\program\venus_stm8\venus_protect_stm8\Debug\Exe\stm8s105k4t.out
#    Map file     =  
#        D:\program\venus_stm8\venus_protect_stm8\Debug\List\stm8s105k4t.map
#    Command line =  
#        -f C:\Users\¡ı‘∂≥«\AppData\Local\Temp\EW494B.tmp
#        (D:\program\venus_stm8\venus_protect_stm8\Debug\Obj\bsp_uart2.o
#        D:\program\venus_stm8\venus_protect_stm8\Debug\Obj\main.o
#        D:\program\venus_stm8\venus_protect_stm8\Debug\Obj\stm8s_adc1.o
#        D:\program\venus_stm8\venus_protect_stm8\Debug\Obj\stm8s_clk.o
#        D:\program\venus_stm8\venus_protect_stm8\Debug\Obj\stm8s_uart2.o
#        --redirect _Printf=_PrintfFullNoMb --redirect _Scanf=_ScanfFullNoMb
#        --no_out_extension -o
#        D:\program\venus_stm8\venus_protect_stm8\Debug\Exe\stm8s105k4t.out
#        --map
#        D:\program\venus_stm8\venus_protect_stm8\Debug\List\stm8s105k4t.map
#        --config D:\IAR_STM8\stm8\config\lnkstm8s105k4.icf --config_def
#        _CSTACK_SIZE=0x100 --config_def _HEAP_SIZE=0x100 --entry
#        __iar_program_start --debug_lib)
#
###############################################################################

*******************************************************************************
*** RUNTIME MODEL ATTRIBUTES
***

__SystemLibrary            = DLib
__code_model               = small
__core                     = stm8
__data_model               = medium
__dlib_file_descriptor     = 0
__dlib_full_locale_support = 0
__rt_version               = 4


*******************************************************************************
*** PLACEMENT SUMMARY
***

"A0":  place at start of [0x000000-0x0000ff] { rw section .vregs };
"A1":  place at end of [0x000000-0x0007ff] { block CSTACK };
"A2":  place at start of [0x008000-0x00bfff] { block INTVEC };
"P3":  place in [from 0x008000 to 0x00bfff] {
          ro section __DLIB_PERTHREAD_init, ro section .far.data_init,
          ro section .far_func.textrw_init, ro section .huge.data_init,
          ro section .huge_func.textrw_init, ro section .iar.init_table,
          ro section .init_array, ro section .near.data_init,
          ro section .near.rodata, ro section .near_func.text,
          ro section .near_func.textrw_init, ro section .tiny.data_init,
          ro section .tiny.rodata_init };
"P4":  place in [from 0x008000 to 0x00bfff] {
          ro section .far.rodata, ro section .far_func.text };
"P5":  place in [from 0x008000 to 0x00bfff] {
          ro section .huge.rodata, ro section .huge_func.text };
do not initialize {
   rw section .eeprom.noinit, rw section .far.noinit, rw section .huge.noinit,
   rw section .near.noinit, rw section .tiny.noinit, rw section .vregs };

No sections matched the following patterns:

  ro section .far.data_init          in "P3-P5"
  ro section .far.rodata             in "P3-P5"
  ro section .far_func.text          in "P3-P5"
  ro section .far_func.textrw_init   in "P3-P5"
  ro section .huge.data_init         in "P3-P5"
  ro section .huge.rodata            in "P3-P5"
  ro section .huge_func.text         in "P3-P5"
  ro section .huge_func.textrw_init  in "P3-P5"
  ro section .iar.init_table         in "P3-P5"
  ro section .init_array             in "P3-P5"
  ro section .near.data_init         in "P3-P5"
  ro section .near_func.textrw_init  in "P3-P5"
  ro section .tiny.data_init         in "P3-P5"
  ro section .tiny.rodata_init       in "P3-P5"
  ro section __DLIB_PERTHREAD_init   in "P3-P5"
  rw section .far.bss                in "P2"
  rw section .far.data               in "P2"
  rw section .far.noinit             in "P2"
  rw section .far_func.textrw        in "P2"
  rw section .huge.bss               in "P2"
  rw section .huge.data              in "P2"
  rw section .huge.noinit            in "P2"
  rw section .huge_func.textrw       in "P2"
  rw section .iar.dynexit            in "P2"
  rw section .near.bss               in "P2"
  rw section .near.data              in "P2"
  rw section .near.noinit            in "P2"
  rw section .near_func.textrw       in "P2"
  rw section .tiny.bss               in "P1"
  rw section .tiny.data              in "P1"
  rw section .tiny.noinit            in "P1"
  rw section .tiny.rodata            in "P1"
  rw section __DLIB_PERTHREAD        in "P2"
  section .eeprom.data               in "P6-P8"
  section .eeprom.noinit             in "P6-P8"
  section .eeprom.rodata             in "P6-P8"


  Section          Kind      Address    Size  Object
  -------          ----      -------    ----  ------
"A0":                                   0x10
  .vregs           uninit   0x000000    0x10  vregs.o [4]
                          - 0x000010    0x10

"A1":                                  0x100
  CSTACK                    0x000700   0x100  <Block>
    CSTACK         uninit   0x000700   0x100  <Block tail>
                          - 0x000800   0x100

"A2":                                   0x80
  INTVEC                    0x008000    0x80  <Block>
    .intvec        const    0x008000    0x80  interrupt.o [4]
                          - 0x008080    0x80

"P3-P5":                              0x1f98
  .near_func.text  ro code  0x008080   0x460  float.o [4]
  .near_func.text  ro code  0x0084e0   0x45d  xprintffull_nomb.o [4]
  .near_func.text  ro code  0x00893d   0x412  xprintffull_nomb.o [4]
  .near_func.text  ro code  0x008d4f   0x383  xprintffull_nomb.o [4]
  .near_func.text  ro code  0x0090d2   0x21d  stm8s_uart2.o [1]
  .near_func.text  ro code  0x0092ef   0x1e8  long.o [4]
  .near_func.text  ro code  0x0094d7   0x176  xprintffull_nomb.o [4]
  .near_func.text  ro code  0x00964d   0x161  float_libsup.o [4]
  .near_func.text  ro code  0x0097ae   0x118  vreg_util.o [4]
  .near_func.text  ro code  0x0098c6    0xcc  stm8s_uart2.o [1]
  .near_func.text  ro code  0x009992    0x72  long_util.o [4]
  .near_func.text  ro code  0x009a04    0x57  stm8s_clk.o [1]
  .near.rodata     const    0x009a5b    0x53  bsp_uart2.o [1]
  .near_func.text  ro code  0x009aae    0x43  xprintffull_nomb.o [4]
  .near_func.text  ro code  0x009af1    0x41  xprintffull_nomb.o [4]
  .near.rodata     const    0x009b32    0x3f  stm8s_uart2.o [1]
  .near.rodata     const    0x009b71    0x3d  stm8s_clk.o [1]
  .near_func.text  ro code  0x009bae    0x3d  stm8s_clk.o [1]
  .near_func.text  ro code  0x009beb    0x3c  short.o [4]
  .near_func.text  const    0x009c27    0x3c  xprintffull_nomb.o [4]
  .near_func.text  ro code  0x009c63    0x37  xprintffull_nomb.o [4]
  .near_func.text  ro code  0x009c9a    0x33  xprintffull_nomb.o [4]
  .near_func.text  ro code  0x009ccd    0x30  div.o [4]
  .near_func.text  ro code  0x009cfd    0x2f  xprintffull_nomb.o [4]
  .near.rodata     const    0x009d2c    0x2e  bsp_uart2.o [1]
  .near_func.text  ro code  0x009d5a    0x2c  dc_util.o [4]
  .near_func.text  ro code  0x009d86    0x29  stm8s_uart2.o [1]
  .near_func.text  ro code  0x009daf    0x28  bsp_uart2.o [1]
  .near_func.text  ro code  0x009dd7    0x21  memchr.o [4]
  .near_func.text  ro code  0x009df8    0x1f  memcpy.o [4]
  .near_func.text  ro code  0x009e17    0x1d  printf.o [4]
  .near_func.text  ro code  0x009e34    0x1b  xprout.o [4]
  .near_func.text  ro code  0x009e4f    0x19  bsp_uart2.o [1]
  .near_func.text  ro code  0x009e68    0x15  strchr.o [4]
  .near_func.text  ro code  0x009e7d    0x14  main.o [1]
  .near_func.text  ro code  0x009e91    0x14  init.o [4]
  .near_func.text  ro code  0x009ea5    0x14  xprintffull_nomb.o [4]
  .near_func.text  ro code  0x009eb9    0x14  __dbg_xxexit.o [3]
  .near_func.text  ro code  0x009ecd    0x13  cstartup.o [4]
  .near_func.text  ro code  0x009ee0    0x11  bsp_uart2.o [1]
  .near.rodata     const    0x009ef1     0xf  bsp_uart2.o [1]
  .near_func.text  ro code  0x009f00     0xe  bsp_uart2.o [1]
  .near_func.text  ro code  0x009f0e     0xd  strlen.o [4]
  .near_func.text  ro code  0x009f1b     0xd  move.o [4]
  .near_func.text  ro code  0x009f28     0xc  xprintffull_nomb.o [4]
  .near_func.text  ro code  0x009f34     0xc  switch.o [4]
  .near_func.text  ro code  0x009f40     0xb  xprintffull_nomb.o [4]
  .near_func.text  ro code  0x009f4b     0xb  xprintffull_nomb.o [4]
  .near_func.text  ro code  0x009f56     0xb  xprintffull_nomb.o [4]
  .near_func.text  ro code  0x009f61     0xa  xprintffull_nomb.o [4]
  .near_func.text  ro code  0x009f6b     0x9  xprintffull_nomb.o [4]
  .near_func.text  ro code  0x009f74     0x9  xprintffull_nomb.o [4]
  .near_func.text  ro code  0x009f7d     0x9  xprintffull_nomb.o [4]
  .near_func.text  ro code  0x009f86     0x8  xprintffull_nomb.o [4]
  .near_func.text  ro code  0x009f8e     0x8  xprintffull_nomb.o [4]
  .near_func.text  ro code  0x009f96     0x8  xprintffull_nomb.o [4]
  .near_func.text  ro code  0x009f9e     0x8  xprintffull_nomb.o [4]
  .near.rodata     const    0x009fa6     0x7  xprintffull_nomb.o [4]
  .near_func.text  ro code  0x009fad     0x7  main.o [1]
  .near_func.text  ro code  0x009fb4     0x7  xprintffull_nomb.o [4]
  .near_func.text  ro code  0x009fbb     0x7  xprintffull_nomb.o [4]
  .near_func.text  ro code  0x009fc2     0x6  xprintffull_nomb.o [4]
  .near_func.text  ro code  0x009fc8     0x6  xprintffull_nomb.o [4]
  .near_func.text  ro code  0x009fce     0x6  xprintffull_nomb.o [4]
  .near_func.text  ro code  0x009fd4     0x6  xprintffull_nomb.o [4]
  .near_func.text  ro code  0x009fda     0x6  xprintffull_nomb.o [4]
  .near_func.text  ro code  0x009fe0     0x5  xprintffull_nomb.o [4]
  .near_func.text  ro code  0x009fe5     0x5  cexit.o [4]
  .near.rodata     const    0x009fea     0x4  stm8s_clk.o [1]
  .near.rodata     const    0x009fee     0x4  xprintffull_nomb.o [4]
  .near.rodata     const    0x009ff2     0x4  xprintffull_nomb.o [4]
  .near.rodata     const    0x009ff6     0x4  xprintffull_nomb.o [4]
  .near.rodata     const    0x009ffa     0x4  xprintffull_nomb.o [4]
  .near_func.text  ro code  0x009ffe     0x4  stm8s_uart2.o [1]
  .near_func.text  ro code  0x00a002     0x4  stm8s_uart2.o [1]
  .near.rodata     const    0x00a006     0x3  main.o [1]
  .near_func.text  ro code  0x00a009     0x3  interrupt.o [4]
  .near_func.text  ro code  0x00a00c     0x3  low_level_init.o [4]
  .near_func.text  ro code  0x00a00f     0x3  exit.o [4]
  .near_func.text  ro code  0x00a012     0x3  unhandled_exception.o [4]
  .near.rodata     const    0x00a015     0x2  xprintffull_nomb.o [4]
  .near_func.text  ro code  0x00a017     0x1  __dbg_break.o [3]
                          - 0x00a018  0x1f98



*******************************************************************************
*** MODULE SUMMARY
***

    Module                 ro code  ro data  rw data
    ------                 -------  -------  -------
D:\program\venus_stm8\venus_protect_stm8\Debug\Obj: [1]
    bsp_uart2.o                 96      144
    main.o                      27        3
    stm8s_clk.o                148       65
    stm8s_uart2.o              794       63
    ------------------------------------------------
    Total:                   1 065      275

command line: [2]
    ------------------------------------------------
    Total:

dbgstm8smd.a: [3]
    __dbg_break.o                1
    __dbg_xxexit.o              20
    ------------------------------------------------
    Total:                      21

dlstm8smn.a: [4]
    cexit.o                      5
    cstartup.o                  19
    dc_util.o                   44
    div.o                       48
    exit.o                       3
    float.o                  1 120
    float_libsup.o             353
    init.o                      20
    interrupt.o                  3      128
    long.o                     488
    long_util.o                114
    low_level_init.o             3
    memchr.o                    33
    memcpy.o                    31
    move.o                      13
    printf.o                    29
    short.o                     60
    strchr.o                    21
    strlen.o                    13
    switch.o                    12
    unhandled_exception.o        3
    vreg_util.o                280
    vregs.o                                       16
    xprintffull_nomb.o       3 900       85
    xprout.o                    27
    ------------------------------------------------
    Total:                   6 642      213       16

    Linker created                               256
----------------------------------------------------
    Grand Total:             7 728      488      272


*******************************************************************************
*** ENTRY LIST
***

Entry                      Address   Size  Type      Object
-----                      -------   ----  ----      ------
?and32_l0_l0_0x           0x009481         Code  Gb  long.o [4]
?and32_l0_l0_l1           0x00947e         Code  Gb  long.o [4]
?b0                       0x000000         Data  Gb  vregs.o [4]
?b1                       0x000001         Data  Gb  vregs.o [4]
?b10                      0x00000a         Data  Gb  vregs.o [4]
?b11                      0x00000b         Data  Gb  vregs.o [4]
?b12                      0x00000c         Data  Gb  vregs.o [4]
?b13                      0x00000d         Data  Gb  vregs.o [4]
?b14                      0x00000e         Data  Gb  vregs.o [4]
?b15                      0x00000f         Data  Gb  vregs.o [4]
?b2                       0x000002         Data  Gb  vregs.o [4]
?b3                       0x000003         Data  Gb  vregs.o [4]
?b4                       0x000004         Data  Gb  vregs.o [4]
?b5                       0x000005         Data  Gb  vregs.o [4]
?b6                       0x000006         Data  Gb  vregs.o [4]
?b7                       0x000007         Data  Gb  vregs.o [4]
?b8                       0x000008         Data  Gb  vregs.o [4]
?b9                       0x000009         Data  Gb  vregs.o [4]
?dc32_l0                  0x009d61         Code  Gb  dc_util.o [4]
?dc32_l1                  0x009d6e         Code  Gb  dc_util.o [4]
?dc32_px                  0x009d7b         Code  Gb  dc_util.o [4]
?dc8_px                   0x009d5a         Code  Gb  dc_util.o [4]
?e0                       0x000001         Data  Gb  vregs.o [4]
?e1                       0x000005         Data  Gb  vregs.o [4]
?e2                       0x000009         Data  Gb  vregs.o [4]
?e3                       0x00000d         Data  Gb  vregs.o [4]
?epilogue_l2              0x00982c         Code  Gb  vreg_util.o [4]
?epilogue_l2_l3           0x009829         Code  Gb  vreg_util.o [4]
?epilogue_w4              0x009830         Code  Gb  vreg_util.o [4]
?fadd32_l0_l0_l1          0x0080a3         Code  Gb  float.o [4]
?fcastf32s32_l0_l0        0x00839b         Code  Gb  float.o [4]
?fcastf32u32_l0_l0        0x0083a6         Code  Gb  float.o [4]
?fcasts32f32_l0_l0        0x00833a         Code  Gb  float.o [4]
?fcastu32f32_l0_l0        0x008323         Code  Gb  float.o [4]
?fcmpge32_c_l0_0x         0x0082c4         Code  Gb  float.o [4]
?fcmpge32_c_l0_dc32       0x0082bf         Code  Gb  float.o [4]
?fcmplt32_c_l0_0x         0x0082cd         Code  Gb  float.o [4]
?fcmplt32_c_l0_dc32       0x0082c8         Code  Gb  float.o [4]
?fdiv32_l0_l0_l1          0x008211         Code  Gb  float.o [4]
?fmul32_l0_l0_dc32        0x008171         Code  Gb  float.o [4]
?fmul32_l0_l0_l1          0x008176         Code  Gb  float.o [4]
?fsub32_l0_l0_l1          0x00809d         Code  Gb  float.o [4]
?l0                       0x000000         Data  Gb  vregs.o [4]
?l1                       0x000004         Data  Gb  vregs.o [4]
?l2                       0x000008         Data  Gb  vregs.o [4]
?l3                       0x00000c         Data  Gb  vregs.o [4]
?load32_0x_l0             0x0099d7         Code  Gb  long_util.o [4]
?load32_0x_l2             0x0099f6         Code  Gb  long_util.o [4]
?load32_asp_l0            0x0099cb         Code  Gb  long_util.o [4]
?load32_asp_l2            0x0099ea         Code  Gb  long_util.o [4]
?load32_dbsp_l0           0x0099c6         Code  Gb  long_util.o [4]
?load32_dbsp_l2           0x0099e5         Code  Gb  long_util.o [4]
?load32_l0_0x             0x0099a2         Code  Gb  long_util.o [4]
?load32_l0_asp            0x009997         Code  Gb  long_util.o [4]
?load32_l0_dbsp           0x009992         Code  Gb  long_util.o [4]
?load32_l0_xsp            0x009999         Code  Gb  long_util.o [4]
?load32_l1_0x             0x0099ae         Code  Gb  long_util.o [4]
?load32_l2_0x             0x0099ba         Code  Gb  long_util.o [4]
?load32_xsp_l0            0x0099cd         Code  Gb  long_util.o [4]
?load32_xsp_l2            0x0099ec         Code  Gb  long_util.o [4]
?mov_e0_e1                0x009861         Code  Gb  vreg_util.o [4]
?mov_e0_e2                0x00986e         Code  Gb  vreg_util.o [4]
?mov_e0_e3                0x00987b         Code  Gb  vreg_util.o [4]
?mov_e1_e0                0x009888         Code  Gb  vreg_util.o [4]
?mov_e1_e2                0x009895         Code  Gb  vreg_util.o [4]
?mov_e1_e3                0x0098a2         Code  Gb  vreg_util.o [4]
?mov_e2_e0                0x0098af         Code  Gb  vreg_util.o [4]
?mov_e3_e0                0x0098bc         Code  Gb  vreg_util.o [4]
?mov_l0_l1                0x00985e         Code  Gb  vreg_util.o [4]
?mov_l0_l2                0x00986b         Code  Gb  vreg_util.o [4]
?mov_l0_l3                0x009878         Code  Gb  vreg_util.o [4]
?mov_l1_l0                0x009885         Code  Gb  vreg_util.o [4]
?mov_l1_l2                0x009892         Code  Gb  vreg_util.o [4]
?mov_l1_l3                0x00989f         Code  Gb  vreg_util.o [4]
?mov_l2_l0                0x0098ac         Code  Gb  vreg_util.o [4]
?mov_l3_l0                0x0098b9         Code  Gb  vreg_util.o [4]
?mov_w0_w5                0x009834         Code  Gb  vreg_util.o [4]
?mov_w1_w3                0x009864         Code  Gb  vreg_util.o [4]
?mov_w1_w5                0x009871         Code  Gb  vreg_util.o [4]
?mov_w1_w7                0x00987e         Code  Gb  vreg_util.o [4]
?mov_w2_w0                0x00983b         Code  Gb  vreg_util.o [4]
?mov_w2_w1                0x009842         Code  Gb  vreg_util.o [4]
?mov_w3_w1                0x00988b         Code  Gb  vreg_util.o [4]
?mov_w3_w5                0x009898         Code  Gb  vreg_util.o [4]
?mov_w3_w7                0x0098a5         Code  Gb  vreg_util.o [4]
?mov_w4_w0                0x009849         Code  Gb  vreg_util.o [4]
?mov_w4_w1                0x009850         Code  Gb  vreg_util.o [4]
?mov_w5_w0                0x009857         Code  Gb  vreg_util.o [4]
?mov_w5_w1                0x0098b2         Code  Gb  vreg_util.o [4]
?mov_w7_w1                0x0098bf         Code  Gb  vreg_util.o [4]
?move1616_v_x_y_a         0x009f1b         Code  Gb  move.o [4]
?mul16_x_x_w0             0x009beb         Code  Gb  short.o [4]
?mul32_l0_l0_0x           0x00931d         Code  Gb  long.o [4]
?mul32_l0_l0_dl           0x00931a         Code  Gb  long.o [4]
?mul32_l0_l0_l1           0x009326         Code  Gb  long.o [4]
?neg32_l0_l0              0x0092ef         Code  Gb  long.o [4]
?pop_l2                   0x00980b         Code  Gb  vreg_util.o [4]
?pop_l3                   0x009816         Code  Gb  vreg_util.o [4]
?pop_w4                   0x0097d0         Code  Gb  vreg_util.o [4]
?push_l0                  0x0097df         Code  Gb  vreg_util.o [4]
?push_l2                  0x0097e4         Code  Gb  vreg_util.o [4]
?push_l3                  0x0097e9         Code  Gb  vreg_util.o [4]
?push_w0                  0x0097ae         Code  Gb  vreg_util.o [4]
?push_w1                  0x0097b3         Code  Gb  vreg_util.o [4]
?push_w4                  0x0097b8         Code  Gb  vreg_util.o [4]
?scmp32_c_l0_l1           0x009467         Code  Gb  long.o [4]
?sdiv16_x_x_y             0x009c09         Code  Gb  short.o [4]
?sdiv32_l0_l0_dl          0x00941e         Code  Gb  long.o [4]
?sdiv32_l0_l0_l1          0x009421         Code  Gb  long.o [4]
?sext32_l0_a              0x0094ca         Code  Gb  long.o [4]
?sext32_l0_x              0x0094bf         Code  Gb  long.o [4]
?sll32_0x_0x_a            0x00949c         Code  Gb  long.o [4]
?sll32_l0_l0_a            0x009499         Code  Gb  long.o [4]
?smod32_l1_l0_l1          0x009421         Code  Gb  long.o [4]
?sra32_0x_0x_a            0x0094b1         Code  Gb  long.o [4]
?sra32_l0_l0_a            0x0094ae         Code  Gb  long.o [4]
?sra32_l0_l0_db           0x0094aa         Code  Gb  long.o [4]
?srl16_x_x_4              0x009c22         Code  Gb  short.o [4]
?sub32_l0_l0_0x           0x009302         Code  Gb  long.o [4]
?sub32_l0_l0_l1           0x0092ff         Code  Gb  long.o [4]
?switch8vlt_0x_a_0x       0x009f34         Code  Gb  switch.o [4]
?udiv32_l0_dl_l1          0x0093a9         Code  Gb  long.o [4]
?udiv32_l0_l0_dl          0x0093ae         Code  Gb  long.o [4]
?udiv32_l0_l0_l1          0x0093b1         Code  Gb  long.o [4]
?umod32_l1_l0_dl          0x0093a4         Code  Gb  long.o [4]
?umod32_l1_l0_l1          0x0093b1         Code  Gb  long.o [4]
?w0                       0x000000         Data  Gb  vregs.o [4]
?w1                       0x000002         Data  Gb  vregs.o [4]
?w2                       0x000004         Data  Gb  vregs.o [4]
?w3                       0x000006         Data  Gb  vregs.o [4]
?w4                       0x000008         Data  Gb  vregs.o [4]
?w5                       0x00000a         Data  Gb  vregs.o [4]
?w6                       0x00000c         Data  Gb  vregs.o [4]
?w7                       0x00000e         Data  Gb  vregs.o [4]
CLK_GetClockFreq          0x009a04   0x57  Code  Gb  stm8s_clk.o [1]
CLK_HSIPrescalerConfig    0x009bae   0x3d  Code  Gb  stm8s_clk.o [1]
CSTACK$$Base              0x000700          --   Gb  - Linker created -
CSTACK$$Limit             0x000800          --   Gb  - Linker created -
HSIDivFactor              0x009fea    0x4  Data  Gb  stm8s_clk.o [1]
INTVEC$$Base              0x008000          --   Gb  - Linker created -
INTVEC$$Limit             0x008080          --   Gb  - Linker created -
LoadInt                   0x009af1   0x41  Code  Lc  xprintffull_nomb.o [4]
Region$$Table$$Base     0x00000000          --   Gb  - Linker created -
Region$$Table$$Limit    0x00000000          --   Gb  - Linker created -
UART2_DeInit              0x009d86   0x29  Code  Gb  stm8s_uart2.o [1]
UART2_GetFlagStatus       0x0098c6   0xcc  Code  Gb  stm8s_uart2.o [1]
UART2_Init                0x0090d2  0x21d  Code  Gb  stm8s_uart2.o [1]
UART2_ReceiveData8        0x009ffe    0x4  Code  Gb  stm8s_uart2.o [1]
UART2_SendData8           0x00a002    0x4  Code  Gb  stm8s_uart2.o [1]
_GenldFullNoMb            0x008d4f  0x383  Code  Lc  xprintffull_nomb.o [4]
_LdtobFullNoMb            0x00893d  0x412  Code  Lc  xprintffull_nomb.o [4]
_LitobFullNoMb            0x0094d7  0x176  Code  Lc  xprintffull_nomb.o [4]
_PrintfFullNoMb           0x0084e0  0x45d  Code  Gb  xprintffull_nomb.o [4]
_Prout                    0x009e34   0x1b  Code  Gb  xprout.o [4]
_PutcharFullNoMb          0x009cfd   0x2f  Code  Lc  xprintffull_nomb.o [4]
_PutcharsFullNoMb         0x009c9a   0x33  Code  Lc  xprintffull_nomb.o [4]
__DebugBreak              0x00a017    0x1  Code  Gb  __dbg_break.o [3]
__exit                    0x009eb9   0x14  Code  Gb  __dbg_xxexit.o [3]
__iar_Dnorm               0x00964d         Code  Gb  float_libsup.o [4]
__iar_Dscale              0x0096db         Code  Gb  float_libsup.o [4]
__iar_Dunscale            0x009689         Code  Gb  float_libsup.o [4]
__iar_Memchr              0x009dd7   0x21  Code  Gb  memchr.o [4]
__iar_Strchr              0x009e68   0x15  Code  Gb  strchr.o [4]
__iar_data_init2          0x009e91   0x14  Code  Gb  init.o [4]
__iar_program_start       0x009ecd         Code  Gb  cstartup.o [4]
__iar_unhandled_exception
                          0x00a012         Code  Gb  unhandled_exception.o [4]
__intvec                  0x008000         Data  Gb  interrupt.o [4]
__low_level_init          0x00a00c    0x3  Code  Gb  low_level_init.o [4]
_exit                     0x009fe5         Code  Gb  cexit.o [4]
assert_failed             0x009f00    0xe  Code  Gb  bsp_uart2.o [1]
device_init               0x009fad    0x7  Code  Gb  main.o [1]
div                       0x009ccd   0x30  Code  Gb  div.o [4]
exit                      0x00a00f    0x3  Code  Gb  exit.o [4]
getchar                   0x009ee0   0x11  Code  Gb  bsp_uart2.o [1]
main                      0x009e7d   0x14  Code  Gb  main.o [1]
memcpy                    0x009df8   0x1f  Code  Gb  memcpy.o [4]
pad                       0x009c63   0x37  Code  Lc  xprintffull_nomb.o [4]
printf                    0x009e17   0x1d  Code  Gb  printf.o [4]
putchar                   0x009e4f   0x19  Code  Gb  bsp_uart2.o [1]
scale                     0x009aae   0x43  Code  Lc  xprintffull_nomb.o [4]
strlen                    0x009f0e    0xd  Code  Gb  strlen.o [4]
uart2_init                0x009daf   0x28  Code  Gb  bsp_uart2.o [1]


[1] = D:\program\venus_stm8\venus_protect_stm8\Debug\Obj
[2] = command line
[3] = dbgstm8smd.a
[4] = dlstm8smn.a

  7 728 bytes of readonly  code memory
    488 bytes of readonly  data memory
    272 bytes of readwrite data memory

Errors: none
Warnings: none
